2026-08-21 06:40:22,890 INFO GPRC6A codon-evolution follow-up v1.1.0
2026-08-21 06:43:42,422 INFO GPRC6A codon-evolution follow-up v1.1.1
2026-08-21 06:43:42,563 INFO Optional TSV is blank; treating as empty: /home/morpheus/retraction_watch_plots/gprc6a/GPRC6A_Ruminantia/refined_intactness/tables/phylogenetic_gene_loss_origins.tsv
2026-08-21 06:43:44,922 INFO Optional ML-recovery species CDSs found: 0
2026-08-21 06:47:02,451 INFO GPRC6A codon-evolution follow-up v1.1.2
2026-08-21 06:47:02,589 INFO Optional TSV is blank; treating as empty: /home/morpheus/retraction_watch_plots/gprc6a/GPRC6A_Ruminantia/refined_intactness/tables/phylogenetic_gene_loss_origins.tsv
2026-08-21 06:47:03,650 INFO Optional ML-recovery species CDSs found: 0
2026-08-21 06:47:07,349 INFO Reconstructed 25/672 assemblies
2026-08-21 06:47:09,951 INFO Reconstructed 50/672 assemblies
2026-08-21 06:47:12,836 INFO Reconstructed 75/672 assemblies
2026-08-21 06:47:15,589 INFO Reconstructed 100/672 assemblies
2026-08-21 06:47:18,569 INFO Reconstructed 125/672 assemblies
2026-08-21 06:47:21,154 INFO Reconstructed 150/672 assemblies
2026-08-21 06:47:24,106 INFO Reconstructed 175/672 assemblies
2026-08-21 06:47:26,923 INFO Reconstructed 200/672 assemblies
2026-08-21 06:47:29,816 INFO Reconstructed 225/672 assemblies
2026-08-21 06:47:32,616 INFO Reconstructed 250/672 assemblies
2026-08-21 06:47:35,234 INFO Reconstructed 275/672 assemblies
2026-08-21 06:47:38,083 INFO Reconstructed 300/672 assemblies
2026-08-21 06:47:41,124 INFO Reconstructed 325/672 assemblies
2026-08-21 06:47:44,039 INFO Reconstructed 350/672 assemblies
2026-08-21 06:47:46,897 INFO Reconstructed 375/672 assemblies
2026-08-21 06:47:49,339 INFO Reconstructed 400/672 assemblies
2026-08-21 06:47:52,065 INFO Reconstructed 425/672 assemblies
2026-08-21 06:47:54,866 INFO Reconstructed 450/672 assemblies
2026-08-21 06:47:57,811 INFO Reconstructed 475/672 assemblies
2026-08-21 06:48:00,772 INFO Reconstructed 500/672 assemblies
2026-08-21 06:48:03,731 INFO Reconstructed 525/672 assemblies
2026-08-21 06:48:06,652 INFO Reconstructed 550/672 assemblies
2026-08-21 06:48:09,557 INFO Reconstructed 575/672 assemblies
2026-08-21 06:48:12,010 INFO Reconstructed 600/672 assemblies
2026-08-21 06:48:14,897 INFO Reconstructed 625/672 assemblies
2026-08-21 06:48:17,862 INFO Reconstructed 650/672 assemblies
2026-08-21 06:48:20,444 INFO Species representatives: 110
2026-08-21 06:48:20,445 WARNING Only 0 high-quality intact background species pass filters; requested at least 6
2026-08-21 06:53:30,238 INFO GPRC6A codon-evolution follow-up v1.1.3
2026-08-21 06:53:30,377 INFO Optional TSV is blank; treating as empty: /home/morpheus/retraction_watch_plots/gprc6a/GPRC6A_Ruminantia/refined_intactness/tables/phylogenetic_gene_loss_origins.tsv
2026-08-21 06:53:31,442 INFO Optional ML-recovery species CDSs found: 0
2026-08-21 06:53:35,059 INFO Reconstructed 25/672 assemblies
2026-08-21 06:53:37,633 INFO Reconstructed 50/672 assemblies
2026-08-21 06:53:40,285 INFO Reconstructed 75/672 assemblies
2026-08-21 06:53:42,824 INFO Reconstructed 100/672 assemblies
2026-08-21 06:53:45,776 INFO Reconstructed 125/672 assemblies
2026-08-21 06:53:48,339 INFO Reconstructed 150/672 assemblies
2026-08-21 06:53:51,194 INFO Reconstructed 175/672 assemblies
2026-08-21 06:53:53,895 INFO Reconstructed 200/672 assemblies
2026-08-21 06:53:56,654 INFO Reconstructed 225/672 assemblies
2026-08-21 06:53:59,291 INFO Reconstructed 250/672 assemblies
2026-08-21 06:54:01,877 INFO Reconstructed 275/672 assemblies
2026-08-21 06:54:04,600 INFO Reconstructed 300/672 assemblies
2026-08-21 06:54:07,462 INFO Reconstructed 325/672 assemblies
2026-08-21 06:54:10,178 INFO Reconstructed 350/672 assemblies
2026-08-21 06:54:12,826 INFO Reconstructed 375/672 assemblies
2026-08-21 06:54:15,158 INFO Reconstructed 400/672 assemblies
2026-08-21 06:54:17,764 INFO Reconstructed 425/672 assemblies
2026-08-21 06:54:20,479 INFO Reconstructed 450/672 assemblies
2026-08-21 06:54:23,349 INFO Reconstructed 475/672 assemblies
2026-08-21 06:54:26,152 INFO Reconstructed 500/672 assemblies
2026-08-21 06:54:28,985 INFO Reconstructed 525/672 assemblies
2026-08-21 06:54:31,727 INFO Reconstructed 550/672 assemblies
2026-08-21 06:54:34,461 INFO Reconstructed 575/672 assemblies
2026-08-21 06:54:36,823 INFO Reconstructed 600/672 assemblies
2026-08-21 06:54:39,522 INFO Reconstructed 625/672 assemblies
2026-08-21 06:54:42,233 INFO Reconstructed 650/672 assemblies
2026-08-21 06:54:44,696 INFO Species representatives: 110
2026-08-21 06:54:44,699 INFO Representative species-status counts: {'DISRUPTED_HIGH': 34, 'DISRUPTED_LIKELY': 27, 'UNRESOLVED': 43, 'DISRUPTED_POSSIBLE': 6}
2026-08-21 06:54:44,699 INFO Representative assembly-status counts: {'DISRUPTED_STRONG': 61, 'UNRESOLVED_ASSEMBLY_GAP': 42, 'DISRUPTED_POSSIBLE': 6, 'UNRESOLVED': 1}
2026-08-21 06:54:44,699 WARNING No species-level INTACT_HIGH/INTACT_LIKELY representative matched the standardized tree
2026-08-21 06:54:44,700 WARNING Only 0 acceptable intact background species remain after tiered selection; requested at least 6
2026-08-21 06:54:44,706 INFO Selected 0 intact background taxa using tier 'none' (requested callable 0.85; fallback floor 0.70)
2026-08-21 07:02:55,599 INFO GPRC6A codon-evolution follow-up v1.2.0
2026-08-21 07:02:55,737 INFO Optional TSV is blank; treating as empty: /home/morpheus/retraction_watch_plots/gprc6a/GPRC6A_Ruminantia/refined_intactness/tables/phylogenetic_gene_loss_origins.tsv
2026-08-21 07:02:56,800 INFO Optional ML-recovery species CDSs found: 0
2026-08-21 07:03:00,420 INFO Reconstructed 25/672 assemblies
2026-08-21 07:03:02,972 INFO Reconstructed 50/672 assemblies
2026-08-21 07:03:05,666 INFO Reconstructed 75/672 assemblies
2026-08-21 07:03:08,226 INFO Reconstructed 100/672 assemblies
2026-08-21 07:03:11,095 INFO Reconstructed 125/672 assemblies
2026-08-21 07:03:13,574 INFO Reconstructed 150/672 assemblies
2026-08-21 07:03:16,390 INFO Reconstructed 175/672 assemblies
2026-08-21 07:03:19,087 INFO Reconstructed 200/672 assemblies
2026-08-21 07:03:21,837 INFO Reconstructed 225/672 assemblies
2026-08-21 07:03:24,469 INFO Reconstructed 250/672 assemblies
2026-08-21 07:03:26,982 INFO Reconstructed 275/672 assemblies
2026-08-21 07:03:29,634 INFO Reconstructed 300/672 assemblies
2026-08-21 07:03:32,441 INFO Reconstructed 325/672 assemblies
2026-08-21 07:03:35,147 INFO Reconstructed 350/672 assemblies
2026-08-21 07:03:37,838 INFO Reconstructed 375/672 assemblies
2026-08-21 07:03:40,206 INFO Reconstructed 400/672 assemblies
2026-08-21 07:03:42,875 INFO Reconstructed 425/672 assemblies
2026-08-21 07:03:45,589 INFO Reconstructed 450/672 assemblies
2026-08-21 07:03:48,430 INFO Reconstructed 475/672 assemblies
2026-08-21 07:03:51,198 INFO Reconstructed 500/672 assemblies
2026-08-21 07:03:53,957 INFO Reconstructed 525/672 assemblies
2026-08-21 07:03:56,682 INFO Reconstructed 550/672 assemblies
2026-08-21 07:03:59,410 INFO Reconstructed 575/672 assemblies
2026-08-21 07:04:01,759 INFO Reconstructed 600/672 assemblies
2026-08-21 07:04:04,436 INFO Reconstructed 625/672 assemblies
2026-08-21 07:04:07,135 INFO Reconstructed 650/672 assemblies
2026-08-21 07:04:09,525 INFO Validated external intact background sequences: 7
2026-08-21 07:04:09,590 INFO Species representatives: 110 ruminant + 7 external intact = 117 total
2026-08-21 07:04:09,593 INFO Representative species-status counts: {'DISRUPTED_HIGH': 34, 'DISRUPTED_LIKELY': 27, 'UNRESOLVED': 43, 'DISRUPTED_POSSIBLE': 6, 'EXTERNAL_INTACT': 7}
2026-08-21 07:04:09,593 INFO Representative assembly-status counts: {'DISRUPTED_STRONG': 61, 'UNRESOLVED_ASSEMBLY_GAP': 42, 'DISRUPTED_POSSIBLE': 6, 'UNRESOLVED': 1, 'EXTERNAL_REFSEQ_INTACT': 7}
2026-08-21 07:04:09,593 INFO Species-level intact representatives in tree: 7; callable fraction min/q25/median/q75/max = 0.997/0.999/0.999/0.999/0.999
2026-08-21 07:04:09,600 INFO Selected 7 intact background taxa using tier 'strict_species_intact' (requested callable 0.85; fallback floor 0.70)
2026-08-21 07:04:09,626 WARNING Focus species absent from supplied tree and cannot be tested: Bos indicus x Bos taurus; Bos grunniens x Bos taurus; Bos taurus x Bison bison; Ovis ammon polii x Ovis aries; Bos gaurus x Bos taurus
2026-08-21 07:04:09,627 INFO Running MACSE alignSequences
2026-08-21 07:31:20,248 INFO Running MACSE alternate-cost alignment for sensitivity analysis
2026-08-21 07:59:19,005 INFO Running MACSE refineAlignment for alignment sensitivity analysis
2026-08-21 08:32:21,681 INFO PAML foreground settings completed: 10/504
2026-08-21 08:38:24,397 INFO PAML foreground settings completed: 20/504
2026-08-21 08:43:56,846 INFO PAML foreground settings completed: 30/504
2026-08-21 08:51:07,483 INFO PAML foreground settings completed: 40/504
2026-08-21 08:57:23,574 INFO PAML foreground settings completed: 50/504
2026-08-21 09:04:35,092 INFO PAML foreground settings completed: 60/504
2026-08-21 09:11:11,662 INFO PAML foreground settings completed: 70/504
2026-08-21 09:17:28,048 INFO PAML foreground settings completed: 80/504
2026-08-21 09:23:25,273 INFO PAML foreground settings completed: 90/504
2026-08-21 09:30:26,787 INFO PAML foreground settings completed: 100/504
2026-08-21 09:36:35,225 INFO PAML foreground settings completed: 110/504
2026-08-21 09:42:31,458 INFO PAML foreground settings completed: 120/504
2026-08-21 09:48:52,928 INFO PAML foreground settings completed: 130/504
2026-08-21 09:54:45,126 INFO PAML foreground settings completed: 140/504
2026-08-21 10:01:44,145 INFO PAML foreground settings completed: 150/504
2026-08-21 10:08:38,434 INFO PAML foreground settings completed: 160/504
2026-08-21 10:14:12,972 INFO PAML foreground settings completed: 170/504
2026-08-21 10:20:29,626 INFO PAML foreground settings completed: 180/504
2026-08-21 10:27:33,289 INFO PAML foreground settings completed: 190/504
2026-08-21 10:33:11,098 INFO PAML foreground settings completed: 200/504
2026-08-21 10:39:29,368 INFO PAML foreground settings completed: 210/504
2026-08-21 10:45:16,214 INFO PAML foreground settings completed: 220/504
2026-08-21 10:52:06,693 INFO PAML foreground settings completed: 230/504
2026-08-21 10:59:25,575 INFO PAML foreground settings completed: 240/504
2026-08-21 11:06:30,745 INFO PAML foreground settings completed: 250/504
2026-08-21 11:12:52,263 INFO PAML foreground settings completed: 260/504
2026-08-21 11:19:03,315 INFO PAML foreground settings completed: 270/504
2026-08-21 11:26:12,689 INFO PAML foreground settings completed: 280/504
2026-08-21 11:32:12,205 INFO PAML foreground settings completed: 290/504
2026-08-21 11:38:03,760 INFO PAML foreground settings completed: 300/504
2026-08-21 11:44:16,966 INFO PAML foreground settings completed: 310/504
2026-08-21 11:51:01,726 INFO PAML foreground settings completed: 320/504
2026-08-21 11:57:23,742 INFO PAML foreground settings completed: 330/504
2026-08-21 12:03:49,205 INFO PAML foreground settings completed: 340/504
2026-08-21 12:09:53,018 INFO PAML foreground settings completed: 350/504
2026-08-21 12:16:24,047 INFO PAML foreground settings completed: 360/504
2026-08-21 12:23:45,843 INFO PAML foreground settings completed: 370/504
2026-08-21 12:29:29,902 INFO PAML foreground settings completed: 380/504
2026-08-21 12:34:54,232 INFO PAML foreground settings completed: 390/504
2026-08-21 12:40:50,249 INFO PAML foreground settings completed: 400/504
2026-08-21 12:47:31,372 INFO PAML foreground settings completed: 410/504
2026-08-21 12:55:33,740 INFO PAML foreground settings completed: 420/504
2026-08-21 13:01:18,936 INFO PAML foreground settings completed: 430/504
2026-08-21 13:08:01,385 INFO PAML foreground settings completed: 440/504
2026-08-21 13:14:08,003 INFO PAML foreground settings completed: 450/504
2026-08-21 13:21:21,664 INFO PAML foreground settings completed: 460/504
2026-08-21 13:27:31,065 INFO PAML foreground settings completed: 470/504
2026-08-21 13:33:44,444 INFO PAML foreground settings completed: 480/504
2026-08-21 13:40:13,257 INFO PAML foreground settings completed: 490/504
2026-08-21 13:46:56,702 INFO PAML foreground settings completed: 500/504
2026-08-21 13:49:14,909 INFO PAML foreground settings completed: 504/504
2026-08-21 13:49:16,861 INFO Completed. Report: /home/morpheus/retraction_watch_plots/gprc6a/GPRC6A_Ruminantia/codon_evolution/gprc6a_codon_evolution_report.html
