$ /home/morpheus/miniforge3/envs/gprc6a_evolution/bin/macse -prog alignSequences -seq /home/morpheus/retraction_watch_plots/gprc6a/GPRC6A_Ruminantia/codon_evolution/alignment/macse_reliable_intact.fasta -out_NT /home/morpheus/retraction_watch_plots/gprc6a/GPRC6A_Ruminantia/codon_evolution/alignment/macse_raw_NT.fasta -out_AA /home/morpheus/retraction_watch_plots/gprc6a/GPRC6A_Ruminantia/codon_evolution/alignment/macse_raw_AA.fasta -seq_lr /home/morpheus/retraction_watch_plots/gprc6a/GPRC6A_Ruminantia/codon_evolution/alignment/macse_less_reliable_loss.fasta -fs_lr 10.0 -stop_lr 10.0
file : /home/morpheus/retraction_watch_plots/gprc6a/GPRC6A_Ruminantia/codon_evolution/alignment/macse_reliable_intact.fasta
69	sequences with genetic code	The_Standard_Code
compute initial pairwise distances
.....................................................................
compute first alignment with guide tree
++++++++++++++++++++++++++++++++++++++++++++++++++++++++++++++++++++
first alignment score : 7192093.0

start refining the alignment
refine 2 cut : sum of pairs ========= 0 => 7192093.0
....++++++.++++++++++..++++++.++.++.+.+....++.+.....++.++..++....+.++++++++++++...+++..++++++..........++++++++++++++++.+++.+++.++++++++
refine 2 cut : sum of pairs ========= 1 => 7614928.0
...+..+......+...............+...++.....++.+.+........................................+.....+...+.......+................+......+.......
refine 2 cut : sum of pairs ========= 2 => 7629278.5
...................................................................-............................-------.................................
The file '/home/morpheus/retraction_watch_plots/gprc6a/GPRC6A_Ruminantia/codon_evolution/alignment/macse_raw_NT.fasta' was created.
The file '/home/morpheus/retraction_watch_plots/gprc6a/GPRC6A_Ruminantia/codon_evolution/alignment/macse_raw_AA.fasta' was created.
PROGRAM HAS FINISHED SUCCESSFULLY

$ /home/morpheus/miniforge3/envs/gprc6a_evolution/bin/macse -prog alignSequences -seq /home/morpheus/retraction_watch_plots/gprc6a/GPRC6A_Ruminantia/codon_evolution/alignment/macse_reliable_intact.fasta -out_NT /home/morpheus/retraction_watch_plots/gprc6a/GPRC6A_Ruminantia/codon_evolution/alignment/macse_altcost_NT.fasta -out_AA /home/morpheus/retraction_watch_plots/gprc6a/GPRC6A_Ruminantia/codon_evolution/alignment/macse_altcost_AA.fasta -seq_lr /home/morpheus/retraction_watch_plots/gprc6a/GPRC6A_Ruminantia/codon_evolution/alignment/macse_less_reliable_loss.fasta -fs_lr 15.0 -stop_lr 15.0
file : /home/morpheus/retraction_watch_plots/gprc6a/GPRC6A_Ruminantia/codon_evolution/alignment/macse_reliable_intact.fasta
69	sequences with genetic code	The_Standard_Code
compute initial pairwise distances
.....................................................................
compute first alignment with guide tree
++++++++++++++++++++++++++++++++++++++++++++++++++++++++++++++++++++
first alignment score : 6913040.0

start refining the alignment
refine 2 cut : sum of pairs ========= 0 => 6913040.0
.....+.++++++++++.+....++++..+++.++++.+.++.+.++++.+++.++.+.+....++.+++++.++.+++...+.+..++++++..........++++++.+++++++++.....++..++++++.+
refine 2 cut : sum of pairs ========= 1 => 7278277.0
.................................++..++........+...............................................+...++..+......+......+.+..............+.
refine 2 cut : sum of pairs ========= 2 => 7294412.0
........................................................................................-...........................-...................
The file '/home/morpheus/retraction_watch_plots/gprc6a/GPRC6A_Ruminantia/codon_evolution/alignment/macse_altcost_NT.fasta' was created.
The file '/home/morpheus/retraction_watch_plots/gprc6a/GPRC6A_Ruminantia/codon_evolution/alignment/macse_altcost_AA.fasta' was created.
PROGRAM HAS FINISHED SUCCESSFULLY

$ /home/morpheus/miniforge3/envs/gprc6a_evolution/bin/macse -prog refineAlignment -align /home/morpheus/retraction_watch_plots/gprc6a/GPRC6A_Ruminantia/codon_evolution/alignment/macse_raw_NT.fasta -optim 2 -max_refine_iter 3 -out_NT /home/morpheus/retraction_watch_plots/gprc6a/GPRC6A_Ruminantia/codon_evolution/alignment/macse_refined_NT.fasta -out_AA /home/morpheus/retraction_watch_plots/gprc6a/GPRC6A_Ruminantia/codon_evolution/alignment/macse_refined_AA.fasta -seq /home/morpheus/retraction_watch_plots/gprc6a/GPRC6A_Ruminantia/codon_evolution/alignment/macse_reliable_intact.fasta -seq_lr /home/morpheus/retraction_watch_plots/gprc6a/GPRC6A_Ruminantia/codon_evolution/alignment/macse_less_reliable_loss.fasta -fs_lr 10.0 -stop_lr 10.0
file : /home/morpheus/retraction_watch_plots/gprc6a/GPRC6A_Ruminantia/codon_evolution/alignment/macse_raw_NT.fasta
69	sequences with genetic code	The_Standard_Code
starting standard refinement...
start refining the alignment
refine 2 cut : sum of pairs ========= 0 => 7629278.5
...................................................................-....................................................................
The file '/home/morpheus/retraction_watch_plots/gprc6a/GPRC6A_Ruminantia/codon_evolution/alignment/macse_refined_NT.fasta' was created.
The file '/home/morpheus/retraction_watch_plots/gprc6a/GPRC6A_Ruminantia/codon_evolution/alignment/macse_refined_AA.fasta' was created.
PROGRAM HAS FINISHED SUCCESSFULLY

